05/21/26 16:19:08 - 0:00:00 - Args: {'data_dir': '/Users/ledai/PycharmProjects/advertisement_recommendation/data', 'schema_path': None, 'ckpt_dir': '/Users/ledai/PycharmProjects/advertisement_recommendation/checkpoints', 'log_dir': '/Users/ledai/PycharmProjects/advertisement_recommendation/logs', 'batch_size': 256, 'lr': 0.0001, 'num_epochs': 999, 'patience': 5, 'seed': 42, 'device': 'cpu', 'num_workers': 8, 'buffer_batches': 20, 'train_ratio': 1.0, 'valid_ratio': 0.1, 'eval_every_n_steps': 0, 'seq_max_lens': 'seq_a:256,seq_b:256,seq_c:512,seq_d:512', 'd_model': 64, 'emb_dim': 64, 'num_queries': 2, 'num_hyformer_blocks': 2, 'num_heads': 4, 'seq_encoder_type': 'transformer', 'hidden_mult': 4, 'dropout_rate': 0.01, 'seq_top_k': 50, 'seq_causal': False, 'action_num': 1, 'use_time_buckets': True, 'rank_mixer_mode': 'full', 'use_rope': False, 'rope_base': 10000.0, 'loss_type': 'bce', 'focal_alpha': 0.1, 'focal_gamma': 2.0, 'label_smoothing': 0.01, 'use_amp': True, 'gradient_accumulation_steps': 1, 'warmup_ratio': 0.05, 'scheduler_type': 'cosine', 'sparse_lr': 0.05, 'sparse_weight_decay': 0.0, 'reinit_sparse_after_epoch': 1, 'reinit_cardinality_threshold': 0, 'emb_skip_threshold': 1000000, 'seq_id_threshold': 10000, 'ns_groups_json': '', 'ns_tokenizer_type': 'rankmixer', 'user_ns_tokens': 5, 'item_ns_tokens': 2, 'tf_events_dir': '/Users/ledai/PycharmProjects/advertisement_recommendation/tf_events'}
05/21/26 16:19:08 - 0:00:00 - Seq max_lens override: {'seq_a': 256, 'seq_b': 256, 'seq_c': 512, 'seq_d': 512}
05/21/26 16:19:08 - 0:00:00 - Using Parquet data format (IterableDataset)
05/21/26 16:19:08 - 0:00:00 - Only 1 Row Group: sharing it for both train and validation
05/21/26 16:19:08 - 0:00:00 - Row Group split: 1 train (1000 rows), 1 valid (1000 rows)
05/21/26 16:19:08 - 0:00:00 - PCVRParquetDataset: 1000 rows from 1 file(s), batch_size=256, buffer_batches=20, shuffle=True
05/21/26 16:19:08 - 0:00:00 - PCVRParquetDataset: 1000 rows from 1 file(s), batch_size=256, buffer_batches=0, shuffle=False
05/21/26 16:19:08 - 0:00:00 - Parquet train: 1000 rows, valid: 1000 rows, batch_size=256, buffer_batches=20
05/21/26 16:19:08 - 0:00:00 - No NS groups JSON found, using default: each feature as one group
05/21/26 16:19:08 - 0:00:00 - RankMixerNSTokenizer: 46 fids, total_emb_dim=2944, chunk_dim=589, num_ns_tokens=5, pad=1
05/21/26 16:19:08 - 0:00:00 - RankMixerNSTokenizer: 14 fids, total_emb_dim=896, chunk_dim=448, num_ns_tokens=2, pad=0
05/21/26 16:19:11 - 0:00:04 - emb_skip_threshold=1000000: seq_a skipped 2/9 features
05/21/26 16:19:11 - 0:00:04 - emb_skip_threshold=1000000: seq_b skipped 2/14 features
05/21/26 16:19:11 - 0:00:04 - emb_skip_threshold=1000000: seq_c skipped 5/12 features
05/21/26 16:19:11 - 0:00:04 - emb_skip_threshold=1000000: seq_d skipped 1/10 features
05/21/26 16:19:11 - 0:00:04 - PCVRHyFormer model created: num_ns=8, T=16, d_model=64, rank_mixer_mode=full
05/21/26 16:19:11 - 0:00:04 - User NS groups: [[0], [1], [2], [3], [4], [5], [6], [7], [8], [9], [10], [11], [12], [13], [14], [15], [16], [17], [18], [19], [20], [21], [22], [23], [24], [25], [26], [27], [28], [29], [30], [31], [32], [33], [34], [35], [36], [37], [38], [39], [40], [41], [42], [43], [44], [45]]
05/21/26 16:19:11 - 0:00:04 - Item NS groups: [[0], [1], [2], [3], [4], [5], [6], [7], [8], [9], [10], [11], [12], [13]]
05/21/26 16:19:11 - 0:00:04 - Total parameters: 160,955,137
05/21/26 16:19:11 - 0:00:04 - Sparse params: 96 tensors, 158,453,312 parameters (Adagrad lr=0.05)
05/21/26 16:19:11 - 0:00:04 - Dense params: 380 tensors, 2,501,825 parameters (AdamW lr=0.0001)
05/21/26 16:19:13 - 0:00:05 - PCVRHyFormerRankingTrainer loss_type=bce, focal_alpha=0.1, focal_gamma=2.0, reinit_sparse_after_epoch=1, use_amp=False, label_smoothing=0.01, gradient_accumulation_steps=1, warmup_ratio=0.05, scheduler_type=cosine
05/21/26 16:19:13 - 0:00:05 - LR scheduler: cosine, warmup_steps=199, total_optimizer_steps=3996
05/21/26 16:20:49 - 0:01:42 - Epoch 1, Average Loss: 0.4466252699494362
05/21/26 16:20:53 - 0:01:46 - Epoch 1 Validation | AUC: 0.976644203859184, LogLoss: 0.31357982754707336
05/21/26 16:20:55 - 0:01:47 - Saved checkpoint to /Users/ledai/PycharmProjects/advertisement_recommendation/checkpoints/global_step4.layer=2.head=4.hidden=64.best_model/model.pt
05/21/26 16:20:56 - 0:01:48 - Re-initialized 95 high-cardinality Embeddings (vocab>0), kept 1
05/21/26 16:20:56 - 0:01:48 - Rebuilt Adagrad optimizer after epoch 1, restored optimizer state for 0 low-cardinality params
05/21/26 16:22:02 - 0:02:54 - Epoch 2, Average Loss: 0.4070756584405899
05/21/26 16:22:06 - 0:02:59 - Epoch 2 Validation | AUC: 0.9844877743408456, LogLoss: 0.3051961660385132
05/21/26 16:22:06 - 0:02:59 - Removed old best_model dir: /Users/ledai/PycharmProjects/advertisement_recommendation/checkpoints/global_step4.layer=2.head=4.hidden=64.best_model
05/21/26 16:22:06 - 0:02:59 - model earlyStopping counter reset!
05/21/26 16:22:07 - 0:03:00 - Saved checkpoint to /Users/ledai/PycharmProjects/advertisement_recommendation/checkpoints/global_step8.layer=2.head=4.hidden=64.best_model/model.pt
05/21/26 16:22:09 - 0:03:01 - Re-initialized 95 high-cardinality Embeddings (vocab>0), kept 1
05/21/26 16:22:09 - 0:03:01 - Rebuilt Adagrad optimizer after epoch 2, restored optimizer state for 0 low-cardinality params
05/21/26 16:23:13 - 0:04:06 - Epoch 3, Average Loss: 0.4396165609359741
05/21/26 16:23:17 - 0:04:10 - Epoch 3 Validation | AUC: 0.9738547650611283, LogLoss: 0.2999213933944702
05/21/26 16:23:17 - 0:04:10 - model earlyStopping counter: 1 / 5
05/21/26 16:23:19 - 0:04:11 - Re-initialized 95 high-cardinality Embeddings (vocab>0), kept 1
05/21/26 16:23:19 - 0:04:11 - Rebuilt Adagrad optimizer after epoch 3, restored optimizer state for 0 low-cardinality params
05/21/26 16:24:25 - 0:05:17 - Epoch 4, Average Loss: 0.3993474096059799
05/21/26 16:24:30 - 0:05:22 - Epoch 4 Validation | AUC: 0.984147149801149, LogLoss: 0.29897236824035645
05/21/26 16:24:30 - 0:05:22 - model earlyStopping counter: 2 / 5
05/21/26 16:24:32 - 0:05:24 - Re-initialized 95 high-cardinality Embeddings (vocab>0), kept 1
05/21/26 16:24:32 - 0:05:24 - Rebuilt Adagrad optimizer after epoch 4, restored optimizer state for 0 low-cardinality params
05/21/26 16:25:34 - 0:06:27 - Epoch 5, Average Loss: 0.405735082924366
05/21/26 16:25:39 - 0:06:31 - Epoch 5 Validation | AUC: 0.9814497716894977, LogLoss: 0.29967767000198364
05/21/26 16:25:39 - 0:06:31 - model earlyStopping counter: 3 / 5
05/21/26 16:25:40 - 0:06:32 - Re-initialized 95 high-cardinality Embeddings (vocab>0), kept 1
05/21/26 16:25:40 - 0:06:32 - Rebuilt Adagrad optimizer after epoch 5, restored optimizer state for 0 low-cardinality params
05/21/26 16:26:44 - 0:07:36 - Epoch 6, Average Loss: 0.40514571219682693
05/21/26 16:26:48 - 0:07:40 - Epoch 6 Validation | AUC: 0.9755302695536898, LogLoss: 0.3004249930381775
05/21/26 16:26:48 - 0:07:40 - model earlyStopping counter: 4 / 5
05/21/26 16:26:50 - 0:07:42 - Re-initialized 95 high-cardinality Embeddings (vocab>0), kept 1
05/21/26 16:26:50 - 0:07:42 - Rebuilt Adagrad optimizer after epoch 6, restored optimizer state for 0 low-cardinality params
05/21/26 16:27:52 - 0:08:45 - Epoch 7, Average Loss: 0.40758973360061646
05/21/26 16:27:57 - 0:08:49 - Epoch 7 Validation | AUC: 0.9853071144498453, LogLoss: 0.30366259813308716
05/21/26 16:27:57 - 0:08:49 - Removed old best_model dir: /Users/ledai/PycharmProjects/advertisement_recommendation/checkpoints/global_step8.layer=2.head=4.hidden=64.best_model
05/21/26 16:27:57 - 0:08:49 - model earlyStopping counter reset!
05/21/26 16:27:58 - 0:08:50 - Saved checkpoint to /Users/ledai/PycharmProjects/advertisement_recommendation/checkpoints/global_step28.layer=2.head=4.hidden=64.best_model/model.pt
05/21/26 16:28:00 - 0:08:52 - Re-initialized 95 high-cardinality Embeddings (vocab>0), kept 1
05/21/26 16:28:00 - 0:08:52 - Rebuilt Adagrad optimizer after epoch 7, restored optimizer state for 0 low-cardinality params
05/21/26 16:29:03 - 0:09:55 - Epoch 8, Average Loss: 0.3912837877869606
05/21/26 16:29:08 - 0:10:00 - Epoch 8 Validation | AUC: 0.9837604949182501, LogLoss: 0.29283979535102844
05/21/26 16:29:08 - 0:10:00 - model earlyStopping counter: 1 / 5
05/21/26 16:29:10 - 0:10:02 - Re-initialized 95 high-cardinality Embeddings (vocab>0), kept 1
05/21/26 16:29:10 - 0:10:02 - Rebuilt Adagrad optimizer after epoch 8, restored optimizer state for 0 low-cardinality params
05/21/26 16:30:14 - 0:11:06 - Epoch 9, Average Loss: 0.3922106921672821
05/21/26 16:30:18 - 0:11:10 - Epoch 9 Validation | AUC: 0.9823887906908233, LogLoss: 0.29545488953590393
05/21/26 16:30:18 - 0:11:10 - model earlyStopping counter: 2 / 5
05/21/26 16:30:20 - 0:11:12 - Re-initialized 95 high-cardinality Embeddings (vocab>0), kept 1
05/21/26 16:30:20 - 0:11:12 - Rebuilt Adagrad optimizer after epoch 9, restored optimizer state for 0 low-cardinality params
05/21/26 16:31:28 - 0:12:20 - Epoch 10, Average Loss: 0.3823002278804779
05/21/26 16:31:32 - 0:12:24 - Epoch 10 Validation | AUC: 0.9819561054647223, LogLoss: 0.2850225269794464
05/21/26 16:31:32 - 0:12:24 - model earlyStopping counter: 3 / 5
05/21/26 16:31:34 - 0:12:26 - Re-initialized 95 high-cardinality Embeddings (vocab>0), kept 1
05/21/26 16:31:34 - 0:12:26 - Rebuilt Adagrad optimizer after epoch 10, restored optimizer state for 0 low-cardinality params
05/21/26 16:32:43 - 0:13:35 - Epoch 11, Average Loss: 0.38259604573249817
05/21/26 16:32:47 - 0:13:39 - Epoch 11 Validation | AUC: 0.9837973191928119, LogLoss: 0.2924744188785553
05/21/26 16:32:47 - 0:13:39 - model earlyStopping counter: 4 / 5
05/21/26 16:32:49 - 0:13:41 - Re-initialized 95 high-cardinality Embeddings (vocab>0), kept 1
05/21/26 16:32:49 - 0:13:41 - Rebuilt Adagrad optimizer after epoch 11, restored optimizer state for 0 low-cardinality params
05/21/26 16:33:55 - 0:14:48 - Epoch 12, Average Loss: 0.3819556161761284
05/21/26 16:34:01 - 0:14:53 - Epoch 12 Validation | AUC: 0.9790193695684195, LogLoss: 0.28912293910980225
05/21/26 16:34:01 - 0:14:53 - model earlyStopping counter: 5 / 5
05/21/26 16:34:01 - 0:14:53 - Early stopping at epoch 12
05/21/26 16:34:01 - 0:14:53 - Training complete!
